
================ ANTES DA FALHA ================

================ TÓPICO dados-sensores (líder / réplicas / ISR) ================
Topic: dados-sensores	TopicId: TOQUTEIYQC2WEzitbIedXg	PartitionCount: 6	ReplicationFactor: 3	Configs: min.insync.replicas=2
	Topic: dados-sensores	Partition: 0	Leader: 3	Replicas: 3,1,2	Isr: 3,1,2	Elr: 	LastKnownElr: 
	Topic: dados-sensores	Partition: 1	Leader: 1	Replicas: 1,2,3	Isr: 1,2,3	Elr: 	LastKnownElr: 
	Topic: dados-sensores	Partition: 2	Leader: 2	Replicas: 2,3,1	Isr: 2,3,1	Elr: 	LastKnownElr: 
	Topic: dados-sensores	Partition: 3	Leader: 3	Replicas: 3,1,2	Isr: 3,1,2	Elr: 	LastKnownElr: 
	Topic: dados-sensores	Partition: 4	Leader: 1	Replicas: 1,2,3	Isr: 1,2,3	Elr: 	LastKnownElr: 
	Topic: dados-sensores	Partition: 5	Leader: 2	Replicas: 2,3,1	Isr: 2,3,1	Elr: 	LastKnownElr: 
--- Consumo antes:
consumidor-98e1a3df50f0 1492
consumidor-98e1a3df50f0 1512
consumidor-98e1a3df50f0 1532
consumidor-c0aa95a89b68 748
consumidor-c0aa95a89b68 758
consumidor-c0aa95a89b68 769
consumidor-d1eb4b628c57 0
--- Alertas gravados até agora: 230

================ DERRUBANDO kafka-2 (18:58:54) ================
 Container smartfactory-kafka-kafka-2-1 Killing 
 Container smartfactory-kafka-kafka-2-1 Killed 
Aguardando 25 s para o cluster eleger novos líderes...

================ APÓS A FALHA: novos líderes eleitos, ISR reduzido ================

================ TÓPICO dados-sensores (líder / réplicas / ISR) ================
[2026-09-21 21:59:26,753] WARN Couldn't resolve server kafka-2:9092 from bootstrap.servers as DNS resolution failed for kafka-2 (org.apache.kafka.clients.ClientUtils)
Topic: dados-sensores	TopicId: TOQUTEIYQC2WEzitbIedXg	PartitionCount: 6	ReplicationFactor: 3	Configs: min.insync.replicas=2
	Topic: dados-sensores	Partition: 0	Leader: 3	Replicas: 3,1,2	Isr: 3,1	Elr: 	LastKnownElr: 
	Topic: dados-sensores	Partition: 1	Leader: 1	Replicas: 1,2,3	Isr: 1,3	Elr: 	LastKnownElr: 
	Topic: dados-sensores	Partition: 2	Leader: 3	Replicas: 2,3,1	Isr: 3,1	Elr: 	LastKnownElr: 
	Topic: dados-sensores	Partition: 3	Leader: 3	Replicas: 3,1,2	Isr: 3,1	Elr: 	LastKnownElr: 
	Topic: dados-sensores	Partition: 4	Leader: 1	Replicas: 1,2,3	Isr: 1,3	Elr: 	LastKnownElr: 
	Topic: dados-sensores	Partition: 5	Leader: 3	Replicas: 2,3,1	Isr: 3,1	Elr: 	LastKnownElr: 
--- Logs recentes dos sensores (devem continuar entregando, falhas=0):
2026-09-21 21:59:21.885 INFO SensorProducer - [STATS] sensor=sensor-9caa6b672dc8 setor=linha-producao enviadas=831 entregues=830 falhas=0
2026-09-21 21:59:26.890 INFO SensorProducer - [STATS] sensor=sensor-9caa6b672dc8 setor=linha-producao enviadas=841 entregues=840 falhas=0
2026-09-21 21:59:27.354 INFO SensorProducer - [STATS] sensor=sensor-482f699b5e27 setor=linha-producao enviadas=841 entregues=840 falhas=0
--- Consumo depois (números devem ter aumentado):
consumidor-98e1a3df50f0 1656
consumidor-98e1a3df50f0 1677
consumidor-98e1a3df50f0 1697
consumidor-c0aa95a89b68 831
consumidor-c0aa95a89b68 841
consumidor-c0aa95a89b68 851
consumidor-d1eb4b628c57 0
--- Alertas gravados até agora: 250

================ RECUPERAÇÃO: religando kafka-2 (18:59:32) ================
 Container smartfactory-kafka-kafka-2-1 Starting 
 Container smartfactory-kafka-kafka-2-1 Started 
Aguardando 40 s para o broker voltar ao ISR...

================ TÓPICO dados-sensores (líder / réplicas / ISR) ================
Topic: dados-sensores	TopicId: TOQUTEIYQC2WEzitbIedXg	PartitionCount: 6	ReplicationFactor: 3	Configs: min.insync.replicas=2
	Topic: dados-sensores	Partition: 0	Leader: 3	Replicas: 3,1,2	Isr: 3,1,2	Elr: 	LastKnownElr: 
	Topic: dados-sensores	Partition: 1	Leader: 1	Replicas: 1,2,3	Isr: 1,3,2	Elr: 	LastKnownElr: 
	Topic: dados-sensores	Partition: 2	Leader: 3	Replicas: 2,3,1	Isr: 3,1,2	Elr: 	LastKnownElr: 
	Topic: dados-sensores	Partition: 3	Leader: 3	Replicas: 3,1,2	Isr: 3,1,2	Elr: 	LastKnownElr: 
	Topic: dados-sensores	Partition: 4	Leader: 1	Replicas: 1,2,3	Isr: 1,3,2	Elr: 	LastKnownElr: 
	Topic: dados-sensores	Partition: 5	Leader: 3	Replicas: 2,3,1	Isr: 3,1,2	Elr: 	LastKnownElr: 
