
================ ANTES DA FALHA ================

================ GRUPO processadores-sensores (partição -> consumidor) ================
GROUP                   TOPIC           PARTITION  CURRENT-OFFSET  LOG-END-OFFSET  LAG  CONSUMER-ID
processadores-sensores  dados-sensores  4          1155            1155            0    consumidor-c0aa95a89b68-21c1ec84-47de-4fb7-98b5-a2bf22796aae
processadores-sensores  dados-sensores  1          0               0               0    consumidor-c0aa95a89b68-21c1ec84-47de-4fb7-98b5-a2bf22796aae
processadores-sensores  dados-sensores  5          -               0               -    consumidor-d1eb4b628c57-921d97c4-d230-49a4-9d04-159490db2559
processadores-sensores  dados-sensores  2          -               0               -    consumidor-d1eb4b628c57-921d97c4-d230-49a4-9d04-159490db2559
processadores-sensores  dados-sensores  0          1154            1154            0    consumidor-98e1a3df50f0-ca3e4ab4-b5e9-488f-880b-78b2452bdc1f
processadores-sensores  dados-sensores  3          1155            1155            0    consumidor-98e1a3df50f0-ca3e4ab4-b5e9-488f-880b-78b2452bdc1f
Consumidor escolhido para falhar: smartfactory-kafka-sensor-consumer-1

================ DERRUBANDO smartfactory-kafka-sensor-consumer-1 (modo=kill) (19:02:05) ================
Aguardando 25 s para o rebalanço...

================ APÓS A FALHA: partições redistribuídas entre os consumidores restantes ================

================ GRUPO processadores-sensores (partição -> consumidor) ================
GROUP                   TOPIC           PARTITION  CURRENT-OFFSET  LOG-END-OFFSET  LAG  CONSUMER-ID
processadores-sensores  dados-sensores  5          0               0               0    consumidor-d1eb4b628c57-921d97c4-d230-49a4-9d04-159490db2559
processadores-sensores  dados-sensores  1          0               0               0    consumidor-d1eb4b628c57-921d97c4-d230-49a4-9d04-159490db2559
processadores-sensores  dados-sensores  3          1212            1212            0    consumidor-d1eb4b628c57-921d97c4-d230-49a4-9d04-159490db2559
processadores-sensores  dados-sensores  4          1212            1212            0    consumidor-98e1a3df50f0-ca3e4ab4-b5e9-488f-880b-78b2452bdc1f
processadores-sensores  dados-sensores  0          1211            1211            0    consumidor-98e1a3df50f0-ca3e4ab4-b5e9-488f-880b-78b2452bdc1f
processadores-sensores  dados-sensores  2          0               0               0    consumidor-98e1a3df50f0-ca3e4ab4-b5e9-488f-880b-78b2452bdc1f

================ EVIDÊNCIA NOS LOGS (linhas [REBALANCE] desde a falha) ================
2026-09-21 22:02:17.050 WARN SensorConsumer - [REBALANCE] consumidor=consumidor-d1eb4b628c57 PERDEU particoes=[2, 5]
2026-09-21 22:02:17.059 WARN SensorConsumer - [REBALANCE] consumidor=consumidor-d1eb4b628c57 RECEBEU particoes=[1, 3, 5]
2026-09-21 22:02:15.400 WARN SensorConsumer - [REBALANCE] consumidor=consumidor-98e1a3df50f0 PERDEU particoes=[0, 3]
2026-09-21 22:02:17.059 WARN SensorConsumer - [REBALANCE] consumidor=consumidor-98e1a3df50f0 RECEBEU particoes=[0, 2, 4]

================ RECUPERAÇÃO: recriando o consumidor ausente (19:02:33) ================
 Container smartfactory-kafka-kafka-2-1 Running 
 Container smartfactory-kafka-kafka-3-1 Running 
 Container smartfactory-kafka-sensor-consumer-2 Running 
 Container smartfactory-kafka-sensor-consumer-3 Running 
 Container smartfactory-kafka-kafka-1-1 Running 
 Container smartfactory-kafka-kafka-1-1 Waiting 
 Container smartfactory-kafka-kafka-2-1 Waiting 
 Container smartfactory-kafka-kafka-3-1 Waiting 
 Container smartfactory-kafka-kafka-3-1 Healthy 
 Container smartfactory-kafka-kafka-2-1 Healthy 
 Container smartfactory-kafka-kafka-1-1 Healthy 
 Container smartfactory-kafka-kafka-init-1 Starting 
 Container smartfactory-kafka-kafka-init-1 Started 
 Container smartfactory-kafka-kafka-init-1 Waiting 
 Container smartfactory-kafka-kafka-init-1 Exited 
 Container smartfactory-kafka-sensor-consumer-1 Starting 
 Container smartfactory-kafka-sensor-consumer-1 Started 

================ GRUPO processadores-sensores (partição -> consumidor) ================
GROUP                   TOPIC           PARTITION  CURRENT-OFFSET  LOG-END-OFFSET  LAG  CONSUMER-ID
processadores-sensores  dados-sensores  5          0               0               0    consumidor-d1eb4b628c57-921d97c4-d230-49a4-9d04-159490db2559
processadores-sensores  dados-sensores  2          0               0               0    consumidor-d1eb4b628c57-921d97c4-d230-49a4-9d04-159490db2559
processadores-sensores  dados-sensores  0          1266            1266            0    consumidor-98e1a3df50f0-ca3e4ab4-b5e9-488f-880b-78b2452bdc1f
processadores-sensores  dados-sensores  3          1266            1267            1    consumidor-98e1a3df50f0-ca3e4ab4-b5e9-488f-880b-78b2452bdc1f
processadores-sensores  dados-sensores  4          1266            1266            0    consumidor-c0aa95a89b68-320fdd14-f10b-4b6c-97ee-8e97429af962
processadores-sensores  dados-sensores  1          0               0               0    consumidor-c0aa95a89b68-320fdd14-f10b-4b6c-97ee-8e97429af962
